Archive member included because of file (symbol)

c:/_common/winavr/bin/../lib/gcc/avr/4.3.3/avr4\libgcc.a(_mulsi3.o)
                              ./Sources/pid.o (__mulsi3)
c:/_common/winavr/bin/../lib/gcc/avr/4.3.3/avr4\libgcc.a(_divmodhi4.o)
                              ./Sources/pid.o (__divmodhi4)
c:/_common/winavr/bin/../lib/gcc/avr/4.3.3/avr4\libgcc.a(_divmodsi4.o)
                              ./Sources/pid.o (__divmodsi4)
c:/_common/winavr/bin/../lib/gcc/avr/4.3.3/avr4\libgcc.a(_exit.o)
                              c:/_common/winavr/bin/../lib/gcc/avr/4.3.3/../../../../avr/lib/avr4/crt90pwm3b.o (exit)
c:/_common/winavr/bin/../lib/gcc/avr/4.3.3/avr4\libgcc.a(_copy_data.o)
                              ./Sources/adc.o (__do_copy_data)
c:/_common/winavr/bin/../lib/gcc/avr/4.3.3/avr4\libgcc.a(_clear_bss.o)
                              ./Sources/adc.o (__do_clear_bss)
c:/_common/winavr/bin/../lib/gcc/avr/4.3.3/avr4\libgcc.a(_udivmodhi4.o)
                              c:/_common/winavr/bin/../lib/gcc/avr/4.3.3/avr4\libgcc.a(_divmodhi4.o) (__udivmodhi4)
c:/_common/winavr/bin/../lib/gcc/avr/4.3.3/avr4\libgcc.a(_udivmodsi4.o)
                              c:/_common/winavr/bin/../lib/gcc/avr/4.3.3/avr4\libgcc.a(_divmodsi4.o) (__udivmodsi4)
c:/_common/winavr/bin/../lib/gcc/avr/4.3.3/../../../../avr/lib/avr4\libc.a(iob.o)
                              ./Sources/uart.o (__iob)

Allocating common symbols
Common symbol       size              file

__iob               0x6               c:/_common/winavr/bin/../lib/gcc/avr/4.3.3/../../../../avr/lib/avr4\libc.a(iob.o)

Memory Configuration

Name             Origin             Length             Attributes
text             0x00000000         0x00002000         xr
data             0x00800060         0x0000ffa0         rw !x
eeprom           0x00810000         0x00010000         rw !x
fuse             0x00820000         0x00000400         rw !x
lock             0x00830000         0x00000400         rw !x
signature        0x00840000         0x00000400         rw !x
*default*        0x00000000         0xffffffff

Linker script and memory map

Address of section .data set to 0x800100
LOAD c:/_common/winavr/bin/../lib/gcc/avr/4.3.3/../../../../avr/lib/avr4/crt90pwm3b.o
LOAD ./Sources/adc.o
LOAD ./Sources/assert.o
LOAD ./Sources/break.o
LOAD ./Sources/dac.o
LOAD ./Sources/led.o
LOAD ./Sources/main.o
LOAD ./Sources/pid.o
LOAD ./Sources/switch.o
LOAD ./Sources/time.o
LOAD ./Sources/uart.o
LOAD ./Sources/space_vector/SVPWM.o
LOAD ./Sources/space_vector/psc.o
LOAD ./Sources/space_vector/table_sin.o
LOAD ./Sources/space_vector/vector_recalculation.o
LOAD ./Sources/control/controlVF.o
LOAD ./Sources/control/current_limitation.o
LOAD ./Sources/control/mc_control.o
LOAD ./Sources/control/speed.o
LOAD ./Sources/control/speed_control.o
LOAD ./Sources/control/timer0.o
LOAD ./3fazemotor/3fazemotor.o
LOAD c:/_common/winavr/bin/../lib/gcc/avr/4.3.3/avr4\libgcc.a
LOAD c:/_common/winavr/bin/../lib/gcc/avr/4.3.3/../../../../avr/lib/avr4\libc.a
LOAD c:/_common/winavr/bin/../lib/gcc/avr/4.3.3/avr4\libgcc.a

.hash
 *(.hash)

.dynsym
 *(.dynsym)

.dynstr
 *(.dynstr)

.gnu.version
 *(.gnu.version)

.gnu.version_d
 *(.gnu.version_d)

.gnu.version_r
 *(.gnu.version_r)

.rel.init
 *(.rel.init)

.rela.init
 *(.rela.init)

.rel.text
 *(.rel.text)
 *(.rel.text.*)
 *(.rel.gnu.linkonce.t*)

.rela.text
 *(.rela.text)
 *(.rela.text.*)
 *(.rela.gnu.linkonce.t*)

.rel.fini
 *(.rel.fini)

.rela.fini
 *(.rela.fini)

.rel.rodata
 *(.rel.rodata)
 *(.rel.rodata.*)
 *(.rel.gnu.linkonce.r*)

.rela.rodata
 *(.rela.rodata)
 *(.rela.rodata.*)
 *(.rela.gnu.linkonce.r*)

.rel.data
 *(.rel.data)
 *(.rel.data.*)
 *(.rel.gnu.linkonce.d*)

.rela.data
 *(.rela.data)
 *(.rela.data.*)
 *(.rela.gnu.linkonce.d*)

.rel.ctors
 *(.rel.ctors)

.rela.ctors
 *(.rela.ctors)

.rel.dtors
 *(.rel.dtors)

.rela.dtors
 *(.rela.dtors)

.rel.got
 *(.rel.got)

.rela.got
 *(.rela.got)

.rel.bss
 *(.rel.bss)

.rela.bss
 *(.rela.bss)

.rel.plt
 *(.rel.plt)

.rela.plt
 *(.rela.plt)

.text           0x00000000      0xdc2
 *(.vectors)
 .vectors       0x00000000       0x40 c:/_common/winavr/bin/../lib/gcc/avr/4.3.3/../../../../avr/lib/avr4/crt90pwm3b.o
                0x00000000                __vectors
                0x00000000                __vector_default
 *(.vectors)
 *(.progmem.gcc*)
 *(.progmem*)
 .progmem.data  0x00000040       0x1b ./Sources/assert.o
                0x0000005c                . = ALIGN (0x2)
 *fill*         0x0000005b        0x1 00
                0x0000005c                __trampolines_start = .
 *(.trampolines)
 .trampolines   0x0000005c        0x0 linker stubs
 *(.trampolines*)
                0x0000005c                __trampolines_end = .
 *(.jumptables)
 *(.jumptables*)
 *(.lowtext)
 *(.lowtext*)
                0x0000005c                __ctors_start = .
 *(.ctors)
                0x0000005c                __ctors_end = .
                0x0000005c                __dtors_start = .
 *(.dtors)
                0x0000005c                __dtors_end = .
 SORT(*)(.ctors)
 SORT(*)(.dtors)
 *(.init0)
 .init0         0x0000005c        0x0 c:/_common/winavr/bin/../lib/gcc/avr/4.3.3/../../../../avr/lib/avr4/crt90pwm3b.o
                0x0000005c                __init
 *(.init0)
 *(.init1)
 *(.init1)
 *(.init2)
 .init2         0x0000005c        0xc c:/_common/winavr/bin/../lib/gcc/avr/4.3.3/../../../../avr/lib/avr4/crt90pwm3b.o
 *(.init2)
 *(.init3)
 *(.init3)
 *(.init4)
 .init4         0x00000068       0x16 c:/_common/winavr/bin/../lib/gcc/avr/4.3.3/avr4\libgcc.a(_copy_data.o)
                0x00000068                __do_copy_data
 .init4         0x0000007e       0x10 c:/_common/winavr/bin/../lib/gcc/avr/4.3.3/avr4\libgcc.a(_clear_bss.o)
                0x0000007e                __do_clear_bss
 *(.init4)
 *(.init5)
 *(.init5)
 *(.init6)
 *(.init6)
 *(.init7)
 *(.init7)
 *(.init8)
 *(.init8)
 *(.init9)
 .init9         0x0000008e        0x4 c:/_common/winavr/bin/../lib/gcc/avr/4.3.3/../../../../avr/lib/avr4/crt90pwm3b.o
 *(.init9)
 *(.text)
 .text          0x00000092        0x2 c:/_common/winavr/bin/../lib/gcc/avr/4.3.3/../../../../avr/lib/avr4/crt90pwm3b.o
                0x00000092                __vector_22
                0x00000092                __vector_28
                0x00000092                __vector_1
                0x00000092                __vector_24
                0x00000092                __vector_12
                0x00000092                __bad_interrupt
                0x00000092                __vector_6
                0x00000092                __vector_31
                0x00000092                __vector_3
                0x00000092                __vector_23
                0x00000092                __vector_30
                0x00000092                __vector_25
                0x00000092                __vector_11
                0x00000092                __vector_13
                0x00000092                __vector_17
                0x00000092                __vector_19
                0x00000092                __vector_7
                0x00000092                __vector_27
                0x00000092                __vector_5
                0x00000092                __vector_4
                0x00000092                __vector_9
                0x00000092                __vector_21
                0x00000092                __vector_29
                0x00000092                __vector_8
                0x00000092                __vector_26
                0x00000092                __vector_14
                0x00000092                __vector_10
                0x00000092                __vector_20
 .text          0x00000094      0x158 ./Sources/adc.o
                0x000000ae                adc_get_speed_pot_value
                0x000000e0                adc_get_voltage_value
                0x00000094                adc_init
                0x000000fa                adc_get_current_value
                0x00000100                __vector_18
 .text          0x000001ec       0x34 ./Sources/assert.o
                0x000001ec                assert_handle
 .text          0x00000220        0xe ./Sources/break.o
                0x0000022a                break_off
                0x00000220                break_init
                0x00000226                break_on
 .text          0x0000022e       0x78 ./Sources/dac.o
                0x00000236                dac_set_value
                0x00000240                dac_set_value_scaled
                0x0000022e                dac_init
 .text          0x000002a6       0x32 ./Sources/led.o
                0x000002ac                led1_toggle
                0x000002a6                led_init
                0x000002b6                led1_set_state
                0x000002cc                led2_set_state
                0x000002c2                led2_toggle
 .text          0x000002d8       0x46 ./Sources/main.o
                0x000002d8                print_info
                0x000002da                main
 .text          0x0000031e      0x22e ./Sources/pid.o
                0x0000031e                pid_Init
                0x000003a4                pid_Controller
                0x00000540                pid_Reset_Integrator
 .text          0x0000054c       0x10 ./Sources/switch.o
                0x00000550                switch_get_state
                0x0000054c                switch_init
 .text          0x0000055c       0xb2 ./Sources/time.o
                0x0000056c                time_get
                0x000005b8                time_get_diff
                0x000005e0                __vector_15
                0x0000055c                time_init
 .text          0x0000060e       0xde ./Sources/uart.o
                0x000006a4                uart_puthex
                0x0000060e                uart_init
                0x00000676                uart_puts_P
                0x000006dc                uart_putx
 .text          0x000006ec      0x1c4 ./Sources/space_vector/SVPWM.o
                0x000006ec                SVPWM
 .text          0x000008b0      0x148 ./Sources/space_vector/psc.o
                0x000008b0                psc_init
                0x00000928                psc_load
                0x00000908                psc_halt
 .text          0x000009f8        0x0 ./Sources/space_vector/table_sin.o
 .text          0x000009f8      0x108 ./Sources/space_vector/vector_recalculation.o
                0x000009f8                vector_set_new_speed
                0x00000a14                __vector_2
 .text          0x00000b00       0x3e ./Sources/control/controlVF.o
                0x00000b00                controlVF
 .text          0x00000b3e        0x4 ./Sources/control/current_limitation.o
                0x00000b3e                current_limitation
 .text          0x00000b42        0x0 ./Sources/control/mc_control.o
 .text          0x00000b42        0xa ./Sources/control/speed.o
                0x00000b48                dummy_get_requested_speed
                0x00000b42                dummy_get_real_speed
 .text          0x00000b4c       0x84 ./Sources/control/speed_control.o
                0x00000b4c                command_reset
                0x00000b5e                command_get_old_value
                0x00000b78                command_get
 .text          0x00000bd0       0xe8 ./Sources/control/timer0.o
                0x00000bd0                timer0_init
                0x00000be2                __vector_16
 .text          0x00000cb8        0x0 ./3fazemotor/3fazemotor.o
 .text          0x00000cb8        0x0 c:/_common/winavr/bin/../lib/gcc/avr/4.3.3/avr4\libgcc.a(_mulsi3.o)
 .text          0x00000cb8        0x0 c:/_common/winavr/bin/../lib/gcc/avr/4.3.3/avr4\libgcc.a(_divmodhi4.o)
 .text          0x00000cb8        0x0 c:/_common/winavr/bin/../lib/gcc/avr/4.3.3/avr4\libgcc.a(_divmodsi4.o)
 .text          0x00000cb8        0x0 c:/_common/winavr/bin/../lib/gcc/avr/4.3.3/avr4\libgcc.a(_exit.o)
 .text          0x00000cb8        0x0 c:/_common/winavr/bin/../lib/gcc/avr/4.3.3/avr4\libgcc.a(_copy_data.o)
 .text          0x00000cb8        0x0 c:/_common/winavr/bin/../lib/gcc/avr/4.3.3/avr4\libgcc.a(_clear_bss.o)
 .text          0x00000cb8        0x0 c:/_common/winavr/bin/../lib/gcc/avr/4.3.3/avr4\libgcc.a(_udivmodhi4.o)
 .text          0x00000cb8        0x0 c:/_common/winavr/bin/../lib/gcc/avr/4.3.3/avr4\libgcc.a(_udivmodsi4.o)
 .text          0x00000cb8        0x0 c:/_common/winavr/bin/../lib/gcc/avr/4.3.3/../../../../avr/lib/avr4\libc.a(iob.o)
                0x00000cb8                . = ALIGN (0x2)
 *(.text.*)
 .text.libgcc   0x00000cb8       0x3e c:/_common/winavr/bin/../lib/gcc/avr/4.3.3/avr4\libgcc.a(_mulsi3.o)
                0x00000cb8                __mulsi3
 .text.libgcc   0x00000cf6       0x26 c:/_common/winavr/bin/../lib/gcc/avr/4.3.3/avr4\libgcc.a(_divmodhi4.o)
                0x00000cf6                __divmodhi4
                0x00000cf6                _div
 .text.libgcc   0x00000d1c       0x36 c:/_common/winavr/bin/../lib/gcc/avr/4.3.3/avr4\libgcc.a(_divmodsi4.o)
                0x00000d1c                __divmodsi4
 .text.libgcc   0x00000d52        0x0 c:/_common/winavr/bin/../lib/gcc/avr/4.3.3/avr4\libgcc.a(_exit.o)
 .text.libgcc   0x00000d52        0x0 c:/_common/winavr/bin/../lib/gcc/avr/4.3.3/avr4\libgcc.a(_copy_data.o)
 .text.libgcc   0x00000d52        0x0 c:/_common/winavr/bin/../lib/gcc/avr/4.3.3/avr4\libgcc.a(_clear_bss.o)
 .text.libgcc   0x00000d52       0x28 c:/_common/winavr/bin/../lib/gcc/avr/4.3.3/avr4\libgcc.a(_udivmodhi4.o)
                0x00000d52                __udivmodhi4
 .text.libgcc   0x00000d7a       0x44 c:/_common/winavr/bin/../lib/gcc/avr/4.3.3/avr4\libgcc.a(_udivmodsi4.o)
                0x00000d7a                __udivmodsi4
                0x00000dbe                . = ALIGN (0x2)
 *(.fini9)
 .fini9         0x00000dbe        0x0 c:/_common/winavr/bin/../lib/gcc/avr/4.3.3/avr4\libgcc.a(_exit.o)
                0x00000dbe                exit
                0x00000dbe                _exit
 *(.fini9)
 *(.fini8)
 *(.fini8)
 *(.fini7)
 *(.fini7)
 *(.fini6)
 *(.fini6)
 *(.fini5)
 *(.fini5)
 *(.fini4)
 *(.fini4)
 *(.fini3)
 *(.fini3)
 *(.fini2)
 *(.fini2)
 *(.fini1)
 *(.fini1)
 *(.fini0)
 .fini0         0x00000dbe        0x4 c:/_common/winavr/bin/../lib/gcc/avr/4.3.3/avr4\libgcc.a(_exit.o)
 *(.fini0)
                0x00000dc2                _etext = .

.data           0x00800100       0xae load address 0x00000dc2
                0x00800100                PROVIDE (__data_start, .)
 *(.data)
 .data          0x00800100        0x0 c:/_common/winavr/bin/../lib/gcc/avr/4.3.3/../../../../avr/lib/avr4/crt90pwm3b.o
 .data          0x00800100        0x3 ./Sources/adc.o
 .data          0x00800103        0x0 ./Sources/assert.o
 .data          0x00800103        0x0 ./Sources/break.o
 .data          0x00800103        0x0 ./Sources/dac.o
 .data          0x00800103        0x0 ./Sources/led.o
 .data          0x00800103        0x0 ./Sources/main.o
 .data          0x00800103        0x0 ./Sources/pid.o
 .data          0x00800103        0x0 ./Sources/switch.o
 .data          0x00800103        0x0 ./Sources/time.o
 .data          0x00800103       0x2c ./Sources/uart.o
 .data          0x0080012f        0x1 ./Sources/space_vector/SVPWM.o
 .data          0x00800130        0x0 ./Sources/space_vector/psc.o
 .data          0x00800130       0x7d ./Sources/space_vector/table_sin.o
                0x00800130                tab_sin
 .data          0x008001ad        0x0 ./Sources/space_vector/vector_recalculation.o
 .data          0x008001ad        0x0 ./Sources/control/controlVF.o
 .data          0x008001ad        0x0 ./Sources/control/current_limitation.o
 .data          0x008001ad        0x0 ./Sources/control/mc_control.o
 .data          0x008001ad        0x0 ./Sources/control/speed.o
 .data          0x008001ad        0x0 ./Sources/control/speed_control.o
 .data          0x008001ad        0x0 ./Sources/control/timer0.o
 .data          0x008001ad        0x0 ./3fazemotor/3fazemotor.o
 .data          0x008001ad        0x0 c:/_common/winavr/bin/../lib/gcc/avr/4.3.3/avr4\libgcc.a(_mulsi3.o)
 .data          0x008001ad        0x0 c:/_common/winavr/bin/../lib/gcc/avr/4.3.3/avr4\libgcc.a(_divmodhi4.o)
 .data          0x008001ad        0x0 c:/_common/winavr/bin/../lib/gcc/avr/4.3.3/avr4\libgcc.a(_divmodsi4.o)
 .data          0x008001ad        0x0 c:/_common/winavr/bin/../lib/gcc/avr/4.3.3/avr4\libgcc.a(_exit.o)
 .data          0x008001ad        0x0 c:/_common/winavr/bin/../lib/gcc/avr/4.3.3/avr4\libgcc.a(_copy_data.o)
 .data          0x008001ad        0x0 c:/_common/winavr/bin/../lib/gcc/avr/4.3.3/avr4\libgcc.a(_clear_bss.o)
 .data          0x008001ad        0x0 c:/_common/winavr/bin/../lib/gcc/avr/4.3.3/avr4\libgcc.a(_udivmodhi4.o)
 .data          0x008001ad        0x0 c:/_common/winavr/bin/../lib/gcc/avr/4.3.3/avr4\libgcc.a(_udivmodsi4.o)
 .data          0x008001ad        0x0 c:/_common/winavr/bin/../lib/gcc/avr/4.3.3/../../../../avr/lib/avr4\libc.a(iob.o)
 *(.data*)
 *(.rodata)
 *(.rodata*)
 *(.gnu.linkonce.d*)
                0x008001ae                . = ALIGN (0x2)
 *fill*         0x008001ad        0x1 00
                0x008001ae                _edata = .
                0x008001ae                PROVIDE (__data_end, .)

.bss            0x008001ae       0x1c
                0x008001ae                PROVIDE (__bss_start, .)
 *(.bss)
 .bss           0x008001ae        0x0 c:/_common/winavr/bin/../lib/gcc/avr/4.3.3/../../../../avr/lib/avr4/crt90pwm3b.o
 .bss           0x008001ae        0x6 ./Sources/adc.o
 .bss           0x008001b4        0x0 ./Sources/assert.o
 .bss           0x008001b4        0x0 ./Sources/break.o
 .bss           0x008001b4        0x0 ./Sources/dac.o
 .bss           0x008001b4        0x0 ./Sources/led.o
 .bss           0x008001b4        0x0 ./Sources/main.o
 .bss           0x008001b4        0x0 ./Sources/pid.o
 .bss           0x008001b4        0x0 ./Sources/switch.o
 .bss           0x008001b4        0x2 ./Sources/time.o
 .bss           0x008001b6        0x0 ./Sources/uart.o
 .bss           0x008001b6        0x1 ./Sources/space_vector/SVPWM.o
 .bss           0x008001b7        0x1 ./Sources/space_vector/psc.o
 .bss           0x008001b8        0x0 ./Sources/space_vector/table_sin.o
 .bss           0x008001b8        0x7 ./Sources/space_vector/vector_recalculation.o
 .bss           0x008001bf        0x0 ./Sources/control/controlVF.o
 .bss           0x008001bf        0x0 ./Sources/control/current_limitation.o
 .bss           0x008001bf        0x0 ./Sources/control/mc_control.o
 .bss           0x008001bf        0x0 ./Sources/control/speed.o
 .bss           0x008001bf        0x4 ./Sources/control/speed_control.o
 .bss           0x008001c3        0x1 ./Sources/control/timer0.o
 .bss           0x008001c4        0x0 ./3fazemotor/3fazemotor.o
 .bss           0x008001c4        0x0 c:/_common/winavr/bin/../lib/gcc/avr/4.3.3/avr4\libgcc.a(_mulsi3.o)
 .bss           0x008001c4        0x0 c:/_common/winavr/bin/../lib/gcc/avr/4.3.3/avr4\libgcc.a(_divmodhi4.o)
 .bss           0x008001c4        0x0 c:/_common/winavr/bin/../lib/gcc/avr/4.3.3/avr4\libgcc.a(_divmodsi4.o)
 .bss           0x008001c4        0x0 c:/_common/winavr/bin/../lib/gcc/avr/4.3.3/avr4\libgcc.a(_exit.o)
 .bss           0x008001c4        0x0 c:/_common/winavr/bin/../lib/gcc/avr/4.3.3/avr4\libgcc.a(_copy_data.o)
 .bss           0x008001c4        0x0 c:/_common/winavr/bin/../lib/gcc/avr/4.3.3/avr4\libgcc.a(_clear_bss.o)
 .bss           0x008001c4        0x0 c:/_common/winavr/bin/../lib/gcc/avr/4.3.3/avr4\libgcc.a(_udivmodhi4.o)
 .bss           0x008001c4        0x0 c:/_common/winavr/bin/../lib/gcc/avr/4.3.3/avr4\libgcc.a(_udivmodsi4.o)
 .bss           0x008001c4        0x0 c:/_common/winavr/bin/../lib/gcc/avr/4.3.3/../../../../avr/lib/avr4\libc.a(iob.o)
 *(.bss*)
 *(COMMON)
 COMMON         0x008001c4        0x0 ./Sources/adc.o
 COMMON         0x008001c4        0x6 c:/_common/winavr/bin/../lib/gcc/avr/4.3.3/../../../../avr/lib/avr4\libc.a(iob.o)
                0x008001c4                __iob
                0x008001ca                PROVIDE (__bss_end, .)
                0x00000dc2                __data_load_start = LOADADDR (.data)
                0x00000e70                __data_load_end = (__data_load_start + SIZEOF (.data))

.noinit         0x008001ca        0x0
                0x008001ca                PROVIDE (__noinit_start, .)
 *(.noinit*)
                0x008001ca                PROVIDE (__noinit_end, .)
                0x008001ca                _end = .
                0x008001ca                PROVIDE (__heap_start, .)

.eeprom         0x00810000        0x0
 *(.eeprom*)
                0x00810000                __eeprom_end = .

.fuse
 *(.fuse)
 *(.lfuse)
 *(.hfuse)
 *(.efuse)

.lock
 *(.lock*)

.signature
 *(.signature*)

.stab           0x00000000     0x3c24
 *(.stab)
 .stab          0x00000000      0x6d8 ./Sources/adc.o
 .stab          0x000006d8      0x420 ./Sources/assert.o
                                0x69c (size before relaxing)
 .stab          0x00000af8      0x21c ./Sources/break.o
                                0x3d8 (size before relaxing)
 .stab          0x00000d14      0x2c4 ./Sources/dac.o
                                0x528 (size before relaxing)
 .stab          0x00000fd8      0x264 ./Sources/led.o
                                0x468 (size before relaxing)
 .stab          0x0000123c      0x3cc ./Sources/main.o
                                0x6e4 (size before relaxing)
 .stab          0x00001608      0x324 ./Sources/pid.o
                                0x48c (size before relaxing)
 .stab          0x0000192c      0x198 ./Sources/switch.o
                                0x39c (size before relaxing)
 .stab          0x00001ac4      0x2d0 ./Sources/time.o
                                0x4a4 (size before relaxing)
 .stab          0x00001d94      0x4d4 ./Sources/uart.o
                                0x7e0 (size before relaxing)
 .stab          0x00002268      0x444 ./Sources/space_vector/SVPWM.o
                                0x648 (size before relaxing)
 .stab          0x000026ac      0x504 ./Sources/space_vector/psc.o
                                0x720 (size before relaxing)
 .stab          0x00002bb0      0x108 ./Sources/space_vector/table_sin.o
                                0x2c4 (size before relaxing)
 .stab          0x00002cb8      0x360 ./Sources/space_vector/vector_recalculation.o
                                0x5f4 (size before relaxing)
 .stab          0x00003018      0x270 ./Sources/control/controlVF.o
                                0x42c (size before relaxing)
 .stab          0x00003288      0x15c ./Sources/control/current_limitation.o
                                0x324 (size before relaxing)
 .stab          0x000033e4       0xd8 ./Sources/control/mc_control.o
                                 0xe4 (size before relaxing)
 .stab          0x000034bc      0x150 ./Sources/control/speed.o
                                0x2b8 (size before relaxing)
 .stab          0x0000360c      0x1d4 ./Sources/control/speed_control.o
                                0x39c (size before relaxing)
 .stab          0x000037e0      0x36c ./Sources/control/timer0.o
                                0x5e8 (size before relaxing)
 .stab          0x00003b4c       0xd8 ./3fazemotor/3fazemotor.o
                                 0xe4 (size before relaxing)

.stabstr        0x00000000     0x1f7f
 *(.stabstr)
 .stabstr       0x00000000     0x1f7f ./Sources/adc.o

.stab.excl
 *(.stab.excl)

.stab.exclstr
 *(.stab.exclstr)

.stab.index
 *(.stab.index)

.stab.indexstr
 *(.stab.indexstr)

.comment
 *(.comment)

.debug
 *(.debug)

.line
 *(.line)

.debug_srcinfo
 *(.debug_srcinfo)

.debug_sfnames
 *(.debug_sfnames)

.debug_aranges
 *(.debug_aranges)

.debug_pubnames
 *(.debug_pubnames)

.debug_info
 *(.debug_info)
 *(.gnu.linkonce.wi.*)

.debug_abbrev
 *(.debug_abbrev)

.debug_line
 *(.debug_line)

.debug_frame
 *(.debug_frame)

.debug_str
 *(.debug_str)

.debug_loc
 *(.debug_loc)

.debug_macinfo
 *(.debug_macinfo)
OUTPUT(3fazemotor.elf elf32-avr)
LOAD linker stubs
